AR alu_mu behavioral "C:/Documents and Settings/Administrador/Escritorio/mono/MonoCiclo/Alu_mu.vhd" sub00/vhpl29 1354986381
EN mcwp NULL "C:/Documents and Settings/Administrador/Escritorio/mono/MonoCiclo/Mcwp.vhd" sub00/vhpl22 1354986376
EN instruction NULL "C:/Documents and Settings/Administrador/Escritorio/mono/MonoCiclo/instruction.vhd" sub00/vhpl04 1354986358
AR branc_unit behavioral "C:/Documents and Settings/Administrador/Escritorio/mono/MonoCiclo/branc_Unit.vhd" sub00/vhpl19 1354986373
AR i_mux behavioral "C:/Documents and Settings/Administrador/Escritorio/mono/MonoCiclo/i_mux.vhd" sub00/vhpl27 1354986379
AR rdd_mu behavioral "C:/Documents and Settings/Administrador/Escritorio/mono/MonoCiclo/rdd_mu.vhd" sub00/vhpl35 1354986387
EN modu NULL "C:/Documents and Settings/Administrador/Escritorio/mono/MonoCiclo/modu.vhd" sub00/vhpl20 1354986374
AR instruction behavioral "C:/Documents and Settings/Administrador/Escritorio/mono/MonoCiclo/instruction.vhd" sub00/vhpl05 1354986359
EN rdd_mu NULL "C:/Documents and Settings/Administrador/Escritorio/mono/MonoCiclo/rdd_mu.vhd" sub00/vhpl34 1354986386
AR alu arq_alu "C:/Documents and Settings/Administrador/Escritorio/mono/MonoCiclo/Alu.vhd" sub00/vhpl11 1354986365
AR instructionmemory arch_instructionmemory "C:/Documents and Settings/Administrador/Escritorio/mono/MonoCiclo/InstructionMemory.vhd" sub00/vhpl03 1354986357
EN control_unit NULL "C:/Documents and Settings/Administrador/Escritorio/mono/MonoCiclo/control_Unit.vhd" sub00/vhpl16 1354986370
EN i_mux NULL "C:/Documents and Settings/Administrador/Escritorio/mono/MonoCiclo/i_mux.vhd" sub00/vhpl26 1354986378
AR sign_extension_disp30 behavioral "C:/Documents and Settings/Administrador/Escritorio/mono/MonoCiclo/sign_extension_disp30.vhd" sub00/vhpl07 1354986361
EN branc_unit NULL "C:/Documents and Settings/Administrador/Escritorio/mono/MonoCiclo/branc_Unit.vhd" sub00/vhpl18 1354986372
EN pc NULL "C:/Documents and Settings/Administrador/Escritorio/mono/MonoCiclo/PC.vhd" sub00/vhpl00 1354986354
AR pc arq_pc "C:/Documents and Settings/Administrador/Escritorio/mono/MonoCiclo/PC.vhd" sub00/vhpl01 1354986355
AR rd_mu behavioral "C:/Documents and Settings/Administrador/Escritorio/mono/MonoCiclo/rd_mu.vhd" sub00/vhpl33 1354986385
AR sign_extension behavioral "C:/Documents and Settings/Administrador/Escritorio/mono/MonoCiclo/sign_extension.vhd" sub00/vhpl13 1354986367
AR mcwp arq_mcwp "C:/Documents and Settings/Administrador/Escritorio/mono/MonoCiclo/Mcwp.vhd" sub00/vhpl23 1354986377
AR modu arq_modu "C:/Documents and Settings/Administrador/Escritorio/mono/MonoCiclo/modu.vhd" sub00/vhpl21 1354986375
EN sign_extension_disp30 NULL "C:/Documents and Settings/Administrador/Escritorio/mono/MonoCiclo/sign_extension_disp30.vhd" sub00/vhpl06 1354986360
EN processor NULL "C:/Documents and Settings/Administrador/Escritorio/mono/MonoCiclo/Processor.vhd" sub00/vhpl24 1354986388
EN register_file NULL "C:/Documents and Settings/Administrador/Escritorio/mono/MonoCiclo/Register_File.vhd" sub00/vhpl08 1354986362
EN instructionmemory NULL "C:/Documents and Settings/Administrador/Escritorio/mono/MonoCiclo/InstructionMemory.vhd" sub00/vhpl02 1354986356
EN rd_mu NULL "C:/Documents and Settings/Administrador/Escritorio/mono/MonoCiclo/rd_mu.vhd" sub00/vhpl32 1354986384
EN icc NULL "C:/Documents and Settings/Administrador/Escritorio/mono/MonoCiclo/icc.vhd" sub00/vhpl14 1354986368
AR datamemory behavioral "C:/Documents and Settings/Administrador/Escritorio/mono/MonoCiclo/DataMemory.vhd" sub00/vhpl31 1354986383
EN datamemory NULL "C:/Documents and Settings/Administrador/Escritorio/mono/MonoCiclo/DataMemory.vhd" sub00/vhpl30 1354986382
AR processor arq_processor "C:/Documents and Settings/Administrador/Escritorio/mono/MonoCiclo/Processor.vhd" sub00/vhpl25 1354986389
EN alu_mu NULL "C:/Documents and Settings/Administrador/Escritorio/mono/MonoCiclo/Alu_mu.vhd" sub00/vhpl28 1354986380
AR register_file arq_register_file "C:/Documents and Settings/Administrador/Escritorio/mono/MonoCiclo/Register_File.vhd" sub00/vhpl09 1354986363
EN sign_extension NULL "C:/Documents and Settings/Administrador/Escritorio/mono/MonoCiclo/sign_extension.vhd" sub00/vhpl12 1354986366
EN alu NULL "C:/Documents and Settings/Administrador/Escritorio/mono/MonoCiclo/Alu.vhd" sub00/vhpl10 1354986364
AR control_unit behavioral "C:/Documents and Settings/Administrador/Escritorio/mono/MonoCiclo/control_Unit.vhd" sub00/vhpl17 1354986371
AR icc arq_icc "C:/Documents and Settings/Administrador/Escritorio/mono/MonoCiclo/icc.vhd" sub00/vhpl15 1354986369
