V3 96
FL "C:/Documents and Settings/Administrador/Escritorio/mono/MonoCiclo/Alu.vhd" 2012/12/07.15:22:06 M.81d
EN work/Alu 1354986364 \
      FL "C:/Documents and Settings/Administrador/Escritorio/mono/MonoCiclo/Alu.vhd" \
      PB ieee/std_logic_1164 1290154108 PB ieee/STD_LOGIC_UNSIGNED 1290154110 \
      PB ieee/NUMERIC_STD 1290154109 PB ieee/std_logic_arith 1290154109
AR work/Alu/Arq_Alu 1354986365 \
      FL "C:/Documents and Settings/Administrador/Escritorio/mono/MonoCiclo/Alu.vhd" \
      EN work/Alu 1354986364
FL "C:/Documents and Settings/Administrador/Escritorio/mono/MonoCiclo/Alu_mu.vhd" 2012/12/07.12:10:24 M.81d
EN work/Alu_mu 1354986380 \
      FL "C:/Documents and Settings/Administrador/Escritorio/mono/MonoCiclo/Alu_mu.vhd" \
      PB ieee/std_logic_1164 1290154108
AR work/Alu_mu/Behavioral 1354986381 \
      FL "C:/Documents and Settings/Administrador/Escritorio/mono/MonoCiclo/Alu_mu.vhd" \
      EN work/Alu_mu 1354986380
FL "C:/Documents and Settings/Administrador/Escritorio/mono/MonoCiclo/branc_Unit.vhd" 2012/12/08.16:58:44 M.81d
EN work/branc_Unit 1354986372 \
      FL "C:/Documents and Settings/Administrador/Escritorio/mono/MonoCiclo/branc_Unit.vhd" \
      PB ieee/std_logic_1164 1290154108 PB ieee/STD_LOGIC_UNSIGNED 1290154110 \
      PB ieee/NUMERIC_STD 1290154109 PB ieee/std_logic_arith 1290154109
AR work/branc_Unit/Behavioral 1354986373 \
      FL "C:/Documents and Settings/Administrador/Escritorio/mono/MonoCiclo/branc_Unit.vhd" \
      EN work/branc_Unit 1354986372
FL "C:/Documents and Settings/Administrador/Escritorio/mono/MonoCiclo/control_Unit.vhd" 2012/12/08.18:00:42 M.81d
EN work/control_Unit 1354986370 \
      FL "C:/Documents and Settings/Administrador/Escritorio/mono/MonoCiclo/control_Unit.vhd" \
      PB ieee/std_logic_1164 1290154108
AR work/control_Unit/Behavioral 1354986371 \
      FL "C:/Documents and Settings/Administrador/Escritorio/mono/MonoCiclo/control_Unit.vhd" \
      EN work/control_Unit 1354986370
FL "C:/Documents and Settings/Administrador/Escritorio/mono/MonoCiclo/DataMemory.vhd" 2012/12/08.17:46:42 M.81d
EN work/DataMemory 1354986382 \
      FL "C:/Documents and Settings/Administrador/Escritorio/mono/MonoCiclo/DataMemory.vhd" \
      PB ieee/std_logic_1164 1290154108 PB ieee/STD_LOGIC_UNSIGNED 1290154110 \
      PB ieee/NUMERIC_STD 1290154109 PB ieee/std_logic_arith 1290154109
AR work/DataMemory/Behavioral 1354986383 \
      FL "C:/Documents and Settings/Administrador/Escritorio/mono/MonoCiclo/DataMemory.vhd" \
      EN work/DataMemory 1354986382
FL "C:/Documents and Settings/Administrador/Escritorio/mono/MonoCiclo/icc.vhd" 2012/12/07.12:37:22 M.81d
EN work/icc 1354986368 \
      FL "C:/Documents and Settings/Administrador/Escritorio/mono/MonoCiclo/icc.vhd" \
      PB ieee/std_logic_1164 1290154108
AR work/icc/Arq_icc 1354986369 \
      FL "C:/Documents and Settings/Administrador/Escritorio/mono/MonoCiclo/icc.vhd" \
      EN work/icc 1354986368
FL "C:/Documents and Settings/Administrador/Escritorio/mono/MonoCiclo/instruction.vhd" 2012/12/08.16:39:22 M.81d
EN work/instruction 1354986358 \
      FL "C:/Documents and Settings/Administrador/Escritorio/mono/MonoCiclo/instruction.vhd" \
      PB ieee/std_logic_1164 1290154108
AR work/instruction/Behavioral 1354986359 \
      FL "C:/Documents and Settings/Administrador/Escritorio/mono/MonoCiclo/instruction.vhd" \
      EN work/instruction 1354986358
FL "C:/Documents and Settings/Administrador/Escritorio/mono/MonoCiclo/InstructionMemory.vhd" 2012/12/07.11:56:44 M.81d
EN work/InstructionMemory 1354986356 \
      FL "C:/Documents and Settings/Administrador/Escritorio/mono/MonoCiclo/InstructionMemory.vhd" \
      PB ieee/std_logic_1164 1290154108 PB ieee/STD_LOGIC_UNSIGNED 1290154110 \
      PB std/TEXTIO 1290154108
AR work/InstructionMemory/arch_InstructionMemory 1354986357 \
      FL "C:/Documents and Settings/Administrador/Escritorio/mono/MonoCiclo/InstructionMemory.vhd" \
      EN work/InstructionMemory 1354986356
FL "C:/Documents and Settings/Administrador/Escritorio/mono/MonoCiclo/i_mux.vhd" 2012/12/07.15:06:26 M.81d
EN work/i_mux 1354986378 \
      FL "C:/Documents and Settings/Administrador/Escritorio/mono/MonoCiclo/i_mux.vhd" \
      PB ieee/std_logic_1164 1290154108
AR work/i_mux/Behavioral 1354986379 \
      FL "C:/Documents and Settings/Administrador/Escritorio/mono/MonoCiclo/i_mux.vhd" \
      EN work/i_mux 1354986378
FL "C:/Documents and Settings/Administrador/Escritorio/mono/MonoCiclo/Mcwp.vhd" 2012/12/07.12:06:56 M.81d
EN work/Mcwp 1354986376 \
      FL "C:/Documents and Settings/Administrador/Escritorio/mono/MonoCiclo/Mcwp.vhd" \
      PB ieee/std_logic_1164 1290154108
AR work/Mcwp/Arq_Mcwp 1354986377 \
      FL "C:/Documents and Settings/Administrador/Escritorio/mono/MonoCiclo/Mcwp.vhd" \
      EN work/Mcwp 1354986376
FL "C:/Documents and Settings/Administrador/Escritorio/mono/MonoCiclo/modu.vhd" 2012/12/07.12:06:02 M.81d
EN work/modu 1354986374 \
      FL "C:/Documents and Settings/Administrador/Escritorio/mono/MonoCiclo/modu.vhd" \
      PB ieee/std_logic_1164 1290154108 PB ieee/STD_LOGIC_UNSIGNED 1290154110 \
      PB ieee/NUMERIC_STD 1290154109 PB ieee/std_logic_arith 1290154109
AR work/modu/Arq_modu 1354986375 \
      FL "C:/Documents and Settings/Administrador/Escritorio/mono/MonoCiclo/modu.vhd" \
      EN work/modu 1354986374
FL "C:/Documents and Settings/Administrador/Escritorio/mono/MonoCiclo/PC.vhd" 2012/12/07.11:54:36 M.81d
EN work/PC 1354986354 \
      FL "C:/Documents and Settings/Administrador/Escritorio/mono/MonoCiclo/PC.vhd" \
      PB ieee/std_logic_1164 1290154108 PB ieee/STD_LOGIC_SIGNED 1290154110
AR work/pc/Arq_PC 1354986355 \
      FL "C:/Documents and Settings/Administrador/Escritorio/mono/MonoCiclo/PC.vhd" \
      EN work/PC 1354986354
FL "C:/Documents and Settings/Administrador/Escritorio/mono/MonoCiclo/Processor.vhd" 2012/12/08.18:04:49 M.81d
EN work/Processor 1354986388 \
      FL "C:/Documents and Settings/Administrador/Escritorio/mono/MonoCiclo/Processor.vhd" \
      PB ieee/std_logic_1164 1290154108
AR work/Processor/Arq_Processor 1354986389 \
      FL "C:/Documents and Settings/Administrador/Escritorio/mono/MonoCiclo/Processor.vhd" \
      EN work/Processor 1354986388 CP PC CP InstructionMemory CP instruction \
      CP sign_extension_disp30 CP Register_File CP Alu CP sign_extension CP icc \
      CP control_Unit CP branc_Unit CP modu CP Mcwp CP i_mux CP Alu_mu CP DataMemory \
      CP rd_mu CP rdd_mu
FL "C:/Documents and Settings/Administrador/Escritorio/mono/MonoCiclo/rdd_mu.vhd" 2012/12/07.12:12:35 M.81d
EN work/rdd_mu 1354986386 \
      FL "C:/Documents and Settings/Administrador/Escritorio/mono/MonoCiclo/rdd_mu.vhd" \
      PB ieee/std_logic_1164 1290154108
AR work/rdd_mu/Behavioral 1354986387 \
      FL "C:/Documents and Settings/Administrador/Escritorio/mono/MonoCiclo/rdd_mu.vhd" \
      EN work/rdd_mu 1354986386
FL "C:/Documents and Settings/Administrador/Escritorio/mono/MonoCiclo/rd_mu.vhd" 2012/12/07.12:11:40 M.81d
EN work/rd_mu 1354986384 \
      FL "C:/Documents and Settings/Administrador/Escritorio/mono/MonoCiclo/rd_mu.vhd" \
      PB ieee/std_logic_1164 1290154108
AR work/rd_mu/Behavioral 1354986385 \
      FL "C:/Documents and Settings/Administrador/Escritorio/mono/MonoCiclo/rd_mu.vhd" \
      EN work/rd_mu 1354986384
FL "C:/Documents and Settings/Administrador/Escritorio/mono/MonoCiclo/Register_File.vhd" 2012/12/08.18:05:37 M.81d
EN work/Register_File 1354986362 \
      FL "C:/Documents and Settings/Administrador/Escritorio/mono/MonoCiclo/Register_File.vhd" \
      PB ieee/std_logic_1164 1290154108 PB ieee/STD_LOGIC_UNSIGNED 1290154110 \
      PB ieee/NUMERIC_STD 1290154109 PB ieee/std_logic_arith 1290154109
AR work/Register_File/Arq_Register_File 1354986363 \
      FL "C:/Documents and Settings/Administrador/Escritorio/mono/MonoCiclo/Register_File.vhd" \
      EN work/Register_File 1354986362
FL "C:/Documents and Settings/Administrador/Escritorio/mono/MonoCiclo/sign_extension.vhd" 2012/12/07.12:03:26 M.81d
EN work/sign_extension 1354986366 \
      FL "C:/Documents and Settings/Administrador/Escritorio/mono/MonoCiclo/sign_extension.vhd" \
      PB ieee/std_logic_1164 1290154108
AR work/sign_extension/Behavioral 1354986367 \
      FL "C:/Documents and Settings/Administrador/Escritorio/mono/MonoCiclo/sign_extension.vhd" \
      EN work/sign_extension 1354986366
FL "C:/Documents and Settings/Administrador/Escritorio/mono/MonoCiclo/sign_extension_disp30.vhd" 2012/12/07.12:00:44 M.81d
EN work/sign_extension_disp30 1354986360 \
      FL "C:/Documents and Settings/Administrador/Escritorio/mono/MonoCiclo/sign_extension_disp30.vhd" \
      PB ieee/std_logic_1164 1290154108
AR work/sign_extension_disp30/Behavioral 1354986361 \
      FL "C:/Documents and Settings/Administrador/Escritorio/mono/MonoCiclo/sign_extension_disp30.vhd" \
      EN work/sign_extension_disp30 1354986360
FL C:/Users/usuario/MonoCiclo/Alu.vhd 2012/12/07.12:02:20 M.81d
FL C:/Users/usuario/MonoCiclo/branc_Unit.vhd 2012/12/07.13:36:43 M.81d
FL C:/Users/usuario/MonoCiclo/control_Unit.vhd 2012/12/07.12:19:25 M.81d
FL C:/Users/usuario/MonoCiclo/icc.vhd 2012/12/07.12:37:22 M.81d
FL C:/Users/usuario/MonoCiclo/instruction.vhd 2012/12/07.11:57:40 M.81d
FL C:/Users/usuario/MonoCiclo/InstructionMemory.vhd 2012/12/07.11:56:44 M.81d
FL C:/Users/usuario/MonoCiclo/i_mux.vhd 2012/12/07.12:09:25 M.81d
FL C:/Users/usuario/MonoCiclo/Mcwp.vhd 2012/12/07.12:06:56 M.81d
FL C:/Users/usuario/MonoCiclo/modu.vhd 2012/12/07.12:06:02 M.81d
FL C:/Users/usuario/MonoCiclo/PC.vhd 2012/12/07.11:54:36 M.81d
FL C:/Users/usuario/MonoCiclo/Processor.vhd 2012/12/07.14:32:13 M.81d
FL C:/Users/usuario/MonoCiclo/Register_File.vhd 2012/12/07.14:48:49 M.81d
FL C:/Users/usuario/MonoCiclo/sign_extension.vhd 2012/12/07.12:03:26 M.81d
FL C:/Users/usuario/MonoCiclo/sign_extension_disp30.vhd 2012/12/07.12:00:44 M.81d
FL E:/MonoCiclo/MonoCiclo/Alu.vhd 2012/12/02.05:22:12 M.81d
FL E:/MonoCiclo/MonoCiclo/branc_Unit.vhd 2012/12/02.21:29:04 M.81d
FL E:/MonoCiclo/MonoCiclo/icc.vhd 2012/12/01.23:03:14 M.81d
FL E:/MonoCiclo/MonoCiclo/instruction.vhd 2012/12/01.20:38:46 M.81d
FL E:/MonoCiclo/MonoCiclo/InstructionMemory.vhd 2012/12/04.08:37:52 M.81d
FL E:/MonoCiclo/MonoCiclo/Mcwp.vhd 2012/12/04.17:14:54 M.81d
FL E:/MonoCiclo/MonoCiclo/modu.vhd 2012/12/04.10:59:44 M.81d
FL E:/MonoCiclo/MonoCiclo/PC.vhd 2012/12/04.16:21:00 M.81d
FL E:/MonoCiclo/MonoCiclo/Register_File.vhd 2012/12/04.16:53:40 M.81d
FL E:/MonoCiclo/MonoCiclo/sign_extension.vhd 2012/11/27.09:57:40 M.81d
FL E:/MonoCiclo/MonoCiclo/sign_extension_disp30.vhd 2012/11/26.20:18:46 M.81d
